src/index.ts(617,22): error TS2322: Type 'string | string[]' is not assignable to type 'string | StringFilter<"Notification"> | undefined'.
  Type 'string[]' is not assignable to type 'string | StringFilter<"Notification"> | undefined'.
